// Jest Snapshot v1, https://goo.gl/fbAQLP

exports[`Organisation Settings Snapshot 1`] = `
<div>
  <div
    id="modal-root"
  />
  <div
    class="flex justify-center mb-10 mt-20"
    style="color: rgb(24, 26, 32);"
  >
    <div
      class="flex flex-col items-center mt-14 text-white max-w-md w-full"
      style="color: rgb(24, 26, 32);"
    >
      <div
        class="text-3xl"
        style="color: rgb(24, 26, 32);"
      >
        Organisation Settings
      </div>
      <div
        class="pt-2 justify-center flex flex-col"
        style="color: rgb(24, 26, 32);"
      >
        <div
          class="relative justify-center mb-8"
          style="color: rgb(24, 26, 32);"
        >
          <img
            alt="Profile Image"
            class="w-40 h-40 bg-contain bg-center rounded-full object-cover mt-8 ml-4"
            data-nimg="1"
            decoding="async"
            height="160"
            loading="lazy"
            src="/images/ForummLogo.svg"
            srcset="/images/ForummLogo.svg 1x, /images/ForummLogo.svg 2x"
            style="color: transparent;"
            width="160"
          />
          <div
            class="absolute top-10 right-2"
            style="color: rgb(24, 26, 32);"
          >
            <label
              class="flex flex-col space-y-1 "
              for="formFile"
            >
              <div
                class=" text-white rounded-full p-2 flex items-center cursor-pointer hover:animate-heartbeat"
                style="background-color: rgb(55, 99, 233);"
              >
                <svg
                  class="h-4 w-4 inline-block"
                  fill="currentColor"
                  height="1em"
                  stroke="currentColor"
                  stroke-width="0"
                  style="color: white;"
                  viewBox="0 0 24 24"
                  width="1em"
                  xmlns="http://www.w3.org/2000/svg"
                >
                  <path
                    d="M0 0h24v24H0z"
                    fill="none"
                  />
                  <path
                    d="M3 17.25V21h3.75L17.81 9.94l-3.75-3.75L3 17.25zM20.71 7.04a.996.996 0 000-1.41l-2.34-2.34a.996.996 0 00-1.41 0l-1.83 1.83 3.75 3.75 1.83-1.83z"
                  />
                </svg>
              </div>
              <input
                accept="image/*,.mp4"
                class="hidden"
                type="file"
              />
            </label>
          </div>
        </div>
        <label
          class="flex flex-col space-y-1 font-medium"
        >
          <span
            class="transition-all "
          >
            Main Organisation Colour:
             
            <span
              class="ml-2 text-xs"
            />
          </span>
          <div
            class="relative"
            style="color: rgb(24, 26, 32);"
          >
            <svg
              class="w-5 h-5 cursor-pointer absolute my-4 mr-4 right-0"
            />
            <input
              autocomplete="on"
              class="bg-transparent select-none cursor-pointer  rounded px-4 py-4 text-sm outline-none w-full"
              placeholder="Select Color"
              style="color: rgb(255, 255, 255);"
              type="text"
              value=""
            />
          </div>
          <div
            class="transition-all opacity-0 text-red-500 text-sm font-bold"
            style="color: rgb(24, 26, 32);"
          />
        </label>
        <div
          class="pb-2 mt-10"
          style="color: rgb(24, 26, 32);"
        >
          <span
            class="flex flex-col space-y-1 font-medium"
          >
            <span
              class="-mb-3 transition-all "
            >
              <span
                class=""
              >
                Select currency:
              </span>
              <span
                class="ml-2 text-xs"
              />
            </span>
            <div
              class="flex flex-wrap"
              style="color: rgb(24, 26, 32);"
            >
              <span
                class="text-sm mt-4 mt-4 flex items-center cursor-pointer hover:opacity-90 mr-4"
              >
                <span
                  class="mr-2 text-sm text-gray-600"
                >
                  USD
                </span>
                <input
                  class="h-4 w-4 text-forumm-blue border-gray-300"
                  data-testid="currency-radio-0"
                  name="select_currency:"
                  type="radio"
                  value="USD"
                />
              </span>
              <span
                class="text-sm mt-4 mt-4 flex items-center cursor-pointer hover:opacity-90 mr-4"
              >
                <span
                  class="mr-2 text-sm text-gray-600"
                >
                  CAD
                </span>
                <input
                  class="h-4 w-4 text-forumm-blue border-gray-300"
                  data-testid="currency-radio-1"
                  name="select_currency:"
                  type="radio"
                  value="CAD"
                />
              </span>
              <span
                class="text-sm mt-4 mt-4 flex items-center cursor-pointer hover:opacity-90 mr-4"
              >
                <span
                  class="mr-2 text-sm text-gray-600"
                >
                  EUR
                </span>
                <input
                  class="h-4 w-4 text-forumm-blue border-gray-300"
                  data-testid="currency-radio-2"
                  name="select_currency:"
                  type="radio"
                  value="EUR"
                />
              </span>
              <span
                class="text-sm mt-4 mt-4 flex items-center cursor-pointer hover:opacity-90 mr-4"
              >
                <span
                  class="mr-2 text-sm text-gray-600"
                >
                  GBP
                </span>
                <input
                  checked=""
                  class="h-4 w-4 text-forumm-blue border-gray-300"
                  data-testid="currency-radio-3"
                  name="select_currency:"
                  type="radio"
                  value="GBP"
                />
              </span>
            </div>
            <div
              class="transition-all opacity-0 text-red-500 text-sm font-bold"
            />
          </span>
        </div>
        <button
          class="
      bg-forumm-blue-2 text-white relative rounded-full  px-6 py-4 text-base h-8 flex items-center hover:animate-heartbeat justify-center ml-2"
          style="background-color: rgb(55, 99, 233);"
          type="button"
        >
          <span
            class="relative z-10"
            style="color: white;"
          >
            Connect Stripe
          </span>
        </button>
        <div
          class="mt-10"
          style="color: rgb(24, 26, 32);"
        >
          <p
            class="font-medium mb-1"
          >
            Organisation Public URL:
          </p>
          <p>
            <a
              class="text-[#0052DD]"
              href="http://localhost/org/undefined"
              rel="noopener noreferrer"
              target="_blank"
            >
              http://localhost/org/undefined
            </a>
          </p>
        </div>
      </div>
      <button
        class="
      border border-forumm-menu-border text-forumm-blue-2 bg-forumm-white relative  rounded-full  px-6 py-4 text-base h-8 flex items-center hover:animate-heartbeat justify-center w-full mt-2"
        type="button"
      >
        <span
          class="relative z-10"
          style="color: white;"
        >
          Connect to BlackBaud
        </span>
      </button>
      <button
        class="
      bg-forumm-blue-2 text-white relative rounded-full  px-6 py-4 text-base h-8 flex items-center hover:animate-heartbeat justify-center w-full mt-8"
        style="background-color: rgb(55, 99, 233);"
        type="button"
      >
        <span
          class="relative z-10"
          style="color: white;"
        >
          Save Changes
        </span>
      </button>
    </div>
  </div>
</div>
`;
