// Jest Snapshot v1, https://goo.gl/fbAQLP

exports[`renders profile image unchanged 1`] = `
<div>
  <div
    class="w-12 h-12 "
    data-testid="loading"
    style="color: rgb(24, 26, 32);"
  >
    <svg
      class="w-12 h-12 "
    />
  </div>
</div>
`;
