// Jest Snapshot v1, https://goo.gl/fbAQLP

exports[`MediaPlayer component test suite SHOULD match the snapshot 1`] = `
<div>
  <div
    class="relative"
  />
</div>
`;
