// Jest Snapshot v1, https://goo.gl/fbAQLP

exports[`renders index page unchanged 1`] = `
<div>
  <div
    id="modal-root"
  />
  <div
    class="overflow-hidden min-h-screen flex flex-col "
    style="background-color: rgb(255, 255, 255); color: rgb(24, 26, 32);"
  >
    <header>
      <div
        class="flex px-4 md:px-20 lg:px-[156px] py-3 justify-between items-center h-[81px]"
        style="color: rgb(24, 26, 32); background-color: rgb(243, 246, 252);"
      >
        <div
          class="flex space-x-4 items-center cursor-pointer"
          style="color: rgb(24, 26, 32);"
        >
          <div
            class="flex"
            style="color: rgb(24, 26, 32);"
          />
          <span
            class="select-none"
          />
          <div
            class="relative flex-shrink-0  cursor-pointer"
          >
            <img
              alt="Profile Image"
              class="w-10 h-10 bg-contain bg-center rounded-full object-cover "
              data-nimg="1"
              decoding="async"
              height="32"
              loading="lazy"
              src="http://localhost/_next/image?url=%2Ftest.png&w=64&q=75"
              srcset="/_next/image?url=%2Ftest.png&w=32&q=75 1x, /_next/image?url=%2Ftest.png&w=64&q=75 2x"
              style="color: transparent;"
              width="32"
            />
          </div>
        </div>
      </div>
      <div
        class="z-50 w-64 absolute px-6 right-0 mr-5 rounded-b flex flex-col space-y-2 text-lg transition-all h-0 overflow-hidden"
        style="background-color: rgb(243, 246, 252); color: rgb(24, 26, 32);"
      >
        <div
          class="cursor-pointer flex items-center"
          style="color: rgb(24, 26, 32);"
        >
          <svg
            class="inline w-5 h-6 mr-2"
            fill="#181A20"
            height="1em"
            stroke="currentColor"
            stroke-width="0"
            viewBox="0 0 496 512"
            width="1em"
            xmlns="http://www.w3.org/2000/svg"
          >
            <path
              d="M248 8C111 8 0 119 0 256s111 248 248 248 248-111 248-248S385 8 248 8zm0 96c48.6 0 88 39.4 88 88s-39.4 88-88 88-88-39.4-88-88 39.4-88 88-88zm0 344c-58.7 0-111.3-26.6-146.5-68.2 18.8-35.4 55.6-59.8 98.5-59.8 2.4 0 4.8.4 7.1 1.1 13 4.2 26.6 6.9 40.9 6.9 14.3 0 28-2.7 40.9-6.9 2.3-.7 4.7-1.1 7.1-1.1 42.9 0 79.7 24.4 98.5 59.8C359.3 421.4 306.7 448 248 448z"
            />
          </svg>
          User Profile
        </div>
        <div
          class="cursor-pointer flex items-center"
          style="color: rgb(24, 26, 32);"
        >
          <svg
            class="inline w-5 h-6 mr-2 text-181A20"
          />
          Support
        </div>
        <div
          class="cursor-pointer flex items-center"
          style="color: rgb(24, 26, 32);"
        >
          <svg
            class="inline w-5 h-6 mr-2"
            fill="#181A20"
            height="1em"
            stroke="currentColor"
            stroke-width="0"
            viewBox="0 0 24 24"
            width="1em"
            xmlns="http://www.w3.org/2000/svg"
          >
            <path
              d="M0 0h24v24H0V0z"
              fill="none"
            />
            <path
              d="M17 8l-1.41 1.41L17.17 11H9v2h8.17l-1.58 1.58L17 16l4-4-4-4zM5 5h7V3H5c-1.1 0-2 .9-2 2v14c0 1.1.9 2 2 2h7v-2H5V5z"
            />
          </svg>
          Logout
        </div>
      </div>
    </header>
    <div
      class="flex-1 transition-all"
      style="background-color: rgb(255, 255, 255);"
    >
      <div
        class="flex justify-center"
        style="background-color: rgb(255, 255, 255); color: rgb(24, 26, 32);"
      >
        <div
          class="p-2 py-6 sm:p-6 max-w-6xl flex-grow"
          style="color: rgb(24, 26, 32);"
        >
          <svg
            class="w-44 h-16 -ml-1"
          />
          <div
            class="text-2xl mb-2"
            style="color: rgb(24, 26, 32);"
          >
            Welcome to Forumm.
          </div>
          <div
            class="my-8 sm:w-3/4 lg:w-1/2 text-sm"
            style="color: rgb(24, 26, 32);"
          >
            Create immersive virtual, hybrid, and in-person event experiences for your audience, no matter where they are.
          </div>
          <div
            class="text-2xl mb-2"
            style="color: rgb(24, 26, 32);"
          >
            Open Events
          </div>
          <div
            class="my-2 sm:w-3/4 lg:w-1/2 text-sm"
            style="color: rgb(24, 26, 32);"
          >
            Check out our upcoming, and open to all events here.
          </div>
          <div
            style="color: rgb(24, 26, 32);"
          >
            <div
              class="w-full h-full justify-center items-center flex"
              data-test-id="box-spinner"
              style="color: rgb(24, 26, 32);"
            >
              <svg
                class="w-12 h-12 animate-spin block "
                data-testid="loading"
              />
            </div>
          </div>
        </div>
      </div>
    </div>
    <div
      class="flex w-full min-h-[200px] bg-forumm-blue-dark p-16 justify-center"
      style="color: rgb(24, 26, 32);"
    >
      <div
        class="flex flex-col sm:w-1/3 justify-center text-center"
        style="color: rgb(24, 26, 32);"
      >
        <div
          class="flex w-full justify-center"
          style="color: rgb(24, 26, 32);"
        >
          <svg />
          <svg
            class="mr-2 mt-1.5"
          />
        </div>
        <div
          class="mt-4"
          style="color: rgb(24, 26, 32);"
        >
          <div
            class="text-sm !text-white font-normal"
            style="color: rgb(24, 26, 32);"
          >
            Use the power of global events to fuel your alumni donations
          </div>
        </div>
        <div
          class="mt-6 flex flex-row justify-center text-center"
          style="color: rgb(24, 26, 32);"
        >
          <a
            href="https://www.linkedin.com/company/68805696/admin/feed/posts/"
            target="_blank"
          >
            <svg
              class="mr-3 cursor-pointer"
            />
          </a>
          <a
            href="https://twitter.com/ForummOfficial"
            target="_blank"
          >
            <svg
              class="mr-3"
            />
          </a>
          <a
            href="https://www.facebook.com/forummofficial/"
            target="_blank"
          >
            <svg
              class="mr-3"
            />
          </a>
          <a
            href="https://www.instagram.com/forummofficial/"
            target="_blank"
          >
            <svg />
          </a>
        </div>
        <div
          class="mt-4"
          style="color: rgb(24, 26, 32);"
        >
          <div
            class="text-md !text-white font-regular"
            style="color: rgb(24, 26, 32);"
          >
            Â© Forumm 
            2024
          </div>
        </div>
      </div>
    </div>
  </div>
</div>
`;
