// Jest Snapshot v1, https://goo.gl/fbAQLP

exports[`renders login unchanged 1`] = `
<div>
  <div
    id="modal-root"
  />
  <div
    class="flex justify-center h-screen items-center"
    style="background-image: url(/img.jpg); background-size: 100% 100%; background-repeat: no-repeat; background-position: center; background-color: rgb(255, 255, 255);"
  >
    <div
      class="flex w-full justify-center h-screen items-center"
      style="color: rgb(24, 26, 32);"
    >
      <div
        class="flex w-full justify-center items-center max-w-7xl flex-grow overflow-visible"
        style="color: rgb(24, 26, 32);"
      >
        <div
          class="w-4/5 sm:w-1/2 my-16 relative"
          style="color: rgb(24, 26, 32);"
        >
          <div
            class="flex flex-col items-center space-y-2"
            style="color: rgb(24, 26, 32);"
          >
            <div
              class="text-center text-2xl cursor-pointer cursor-pointer"
              style="color: rgb(24, 26, 32);"
            >
              <div
                class="flex justify-center items-center mb-12"
              >
                <svg
                  class="block w-12 mr-2"
                />
                <svg
                  class="h-6 w-24"
                />
              </div>
              <p>
                Log in to continue
              </p>
            </div>
          </div>
          <div
            style="color: rgb(24, 26, 32);"
          >
            <form
              class=""
            >
              <label
                class="flex flex-col my-4 "
              >
                <span
                  class="absolute text-sm mb-2 ml-2 z-10 pl-2 transition-all  !backdrop-blur-md"
                  style="transform: translateY(-50%);"
                >
                  <div
                    class="flex flex-col"
                    style="color: rgb(24, 26, 32);"
                  >
                    <span
                      class="z-10  after:content-['*'] after:mx-2 after:text-red-500"
                    >
                      Email
                    </span>
                  </div>
                </span>
                <input
                  autocomplete="Email"
                  class="rounded-2xl transition-all bg-transparent border  rounded px-4 py-4 text-sm outline-none placeholder-gray-500"
                  id="Email"
                  placeholder="your@mail.com"
                  required=""
                  type="email"
                  value=""
                />
              </label>
              <div
                class="relative"
                style="color: rgb(24, 26, 32);"
              >
                <label
                  class="flex flex-col my-4 "
                >
                  <span
                    class="absolute text-sm mb-2 ml-2 z-10 pl-2 transition-all  !backdrop-blur-md"
                    style="transform: translateY(-50%);"
                  >
                    <div
                      class="flex flex-col"
                      style="color: rgb(24, 26, 32);"
                    >
                      <span
                        class="z-10  after:content-['*'] after:mx-2 after:text-red-500"
                      >
                        Password
                      </span>
                    </div>
                  </span>
                  <input
                    autocomplete="Password"
                    class="rounded-2xl transition-all bg-transparent border  rounded px-4 py-4 text-sm outline-none placeholder-gray-500"
                    id="Password"
                    placeholder="*******"
                    required=""
                    type="password"
                    value=""
                  />
                </label>
                <div
                  class="absolute right-0 top-[50%] -translate-y-[50%] text-xl items-center pr-3"
                  style="color: rgb(24, 26, 32);"
                  type="button"
                >
                  <svg
                    fill="currentColor"
                    height="1em"
                    stroke="currentColor"
                    stroke-width="0"
                    viewBox="0 0 24 24"
                    width="1em"
                    xmlns="http://www.w3.org/2000/svg"
                  >
                    <path
                      d="M0 0h24v24H0zm0 0h24v24H0zm0 0h24v24H0zm0 0h24v24H0z"
                      fill="none"
                    />
                    <path
                      d="M12 7c2.76 0 5 2.24 5 5 0 .65-.13 1.26-.36 1.83l2.92 2.92c1.51-1.26 2.7-2.89 3.43-4.75-1.73-4.39-6-7.5-11-7.5-1.4 0-2.74.25-3.98.7l2.16 2.16C10.74 7.13 11.35 7 12 7zM2 4.27l2.28 2.28.46.46A11.804 11.804 0 001 12c1.73 4.39 6 7.5 11 7.5 1.55 0 3.03-.3 4.38-.84l.42.42L19.73 22 21 20.73 3.27 3 2 4.27zM7.53 9.8l1.55 1.55c-.05.21-.08.43-.08.65 0 1.66 1.34 3 3 3 .22 0 .44-.03.65-.08l1.55 1.55c-.67.33-1.41.53-2.2.53-2.76 0-5-2.24-5-5 0-.79.2-1.53.53-2.2zm4.31-.78l3.15 3.15.02-.16c0-1.66-1.34-3-3-3l-.17.01z"
                    />
                  </svg>
                </div>
              </div>
              <button
                class="
      bg-forumm-blue-2 text-white relative rounded-full  px-6 py-4 text-base h-8 flex items-center hover:animate-heartbeat justify-center my-8 w-full"
                style="background-color: rgb(55, 99, 233);"
                type="submit"
              >
                <span
                  class="relative z-10"
                  style="color: white;"
                >
                  Log in
                </span>
              </button>
            </form>
          </div>
          <div
            class="text-sm flex space-x-2 justify-center mb-2 mt-2"
            style="color: rgb(24, 26, 32);"
          >
            <span
              class=""
            >
              Don't have an Account?
            </span>
            <a
              class="text-link hover:underline"
              href="/create-account"
            >
              Sign up
            </a>
          </div>
          <div
            class="text-sm flex space-x-2 justify-center mb-8"
            style="color: rgb(24, 26, 32);"
          >
            <span
              class=""
            >
              Forgotten Password?
            </span>
            <a
              class="text-link hover:underline"
              href="/forgot-password"
            >
              Reset
            </a>
          </div>
        </div>
      </div>
    </div>
  </div>
</div>
`;
