// Jest Snapshot v1, https://goo.gl/fbAQLP

exports[`renders verify account unchanged 1`] = `
<div>
  <div
    id="modal-root"
  />
  <div
    class="flex justify-center"
    style="color: rgb(24, 26, 32);"
  >
    <div
      class="w-full min-h-screen"
      style="background-color: rgb(255, 255, 255); color: rgb(24, 26, 32);"
    >
      <div
        class="w-full mx-auto md:w-1/2 my-16 p-10"
        style="background-color: rgb(255, 255, 255); color: rgb(24, 26, 32);"
      >
        <div
          class="text-white text-center text-2xl font-bold pl-3 md:pl-0 mb-8"
          style="color: rgb(24, 26, 32);"
        >
          Welcome to Forumm
          <svg
            class="inline-block w-12"
          />
        </div>
        <div
          class="w-full flex justify-center"
          style="color: rgb(24, 26, 32);"
        >
          <div
            class="w-32 h-32 "
            data-testid="loading"
            style="color: rgb(24, 26, 32);"
          >
            <svg
              class="w-32 h-32 "
            />
            <svg
              class="w-32 h-32  !h-12"
            />
          </div>
        </div>
      </div>
    </div>
  </div>
</div>
`;
